[2025-12-14T05:04:29.301+0000] {taskinstance.py:1159} INFO - Dependencies all met for dep_context=non-requeueable deps ti=<TaskInstance: stats_computation_24h.check_price_data scheduled__2025-12-13T00:00:00+00:00 [queued]>
[2025-12-14T05:04:29.304+0000] {taskinstance.py:1159} INFO - Dependencies all met for dep_context=requeueable deps ti=<TaskInstance: stats_computation_24h.check_price_data scheduled__2025-12-13T00:00:00+00:00 [queued]>
[2025-12-14T05:04:29.304+0000] {taskinstance.py:1361} INFO - Starting attempt 3 of 3
[2025-12-14T05:04:29.314+0000] {taskinstance.py:1382} INFO - Executing <Task(PythonOperator): check_price_data> on 2025-12-13 00:00:00+00:00
[2025-12-14T05:04:29.317+0000] {standard_task_runner.py:57} INFO - Started process 125 to run task
[2025-12-14T05:04:29.319+0000] {standard_task_runner.py:84} INFO - Running: ['airflow', 'tasks', 'run', 'stats_computation_24h', 'check_price_data', 'scheduled__2025-12-13T00:00:00+00:00', '--job-id', '11', '--raw', '--subdir', 'DAGS_FOLDER/stats_dag.py', '--cfg-path', '/tmp/tmp4r2kuy6s']
[2025-12-14T05:04:29.320+0000] {standard_task_runner.py:85} INFO - Job 11: Subtask check_price_data
[2025-12-14T05:04:29.412+0000] {task_command.py:416} INFO - Running <TaskInstance: stats_computation_24h.check_price_data scheduled__2025-12-13T00:00:00+00:00 [running]> on host c843fcd90f67
[2025-12-14T05:04:29.435+0000] {taskinstance.py:1662} INFO - Exporting env vars: AIRFLOW_CTX_DAG_EMAIL='alerts@belly.local' AIRFLOW_CTX_DAG_OWNER='belly-team' AIRFLOW_CTX_DAG_ID='stats_computation_24h' AIRFLOW_CTX_TASK_ID='check_price_data' AIRFLOW_CTX_EXECUTION_DATE='2025-12-13T00:00:00+00:00' AIRFLOW_CTX_TRY_NUMBER='3' AIRFLOW_CTX_DAG_RUN_ID='scheduled__2025-12-13T00:00:00+00:00'
[2025-12-14T05:04:29.435+0000] {stats_dag.py:62} INFO - üîç Checking price data availability...
[2025-12-14T05:04:29.436+0000] {db_service.py:49} WARNING - ‚ö†Ô∏è No API key provided - requests may fail
[2025-12-14T05:04:29.444+0000] {db_service.py:94} ERROR - Ping failed: Request URL is missing an 'http://' or 'https://' protocol.
[2025-12-14T05:04:29.444+0000] {db_service.py:64} ERROR - ‚ùå Supabase connection test failed
[2025-12-14T05:04:29.444+0000] {db_service.py:167} ERROR - Error fetching price history: Request URL is missing an 'http://' or 'https://' protocol.
[2025-12-14T05:04:29.458+0000] {db_service.py:77} INFO - Supabase REST API client closed
[2025-12-14T05:04:29.458+0000] {taskinstance.py:1937} ERROR - Task failed with exception
Traceback (most recent call last):
  File "/home/airflow/.local/lib/python3.11/site-packages/airflow/operators/python.py", line 192, in execute
    return_value = self.execute_callable()
                   ^^^^^^^^^^^^^^^^^^^^^^^
  File "/home/airflow/.local/lib/python3.11/site-packages/airflow/operators/python.py", line 209, in execute_callable
    return self.python_callable(*self.op_args, **self.op_kwargs)
           ^^^^^^^^^^^^^^^^^^^^^^^^^^^^^^^^^^^^^^^^^^^^^^^^^^^^^
  File "/home/airflow/dags/stats_dag.py", line 75, in check_price_data
    result = asyncio.run(check())
             ^^^^^^^^^^^^^^^^^^^^
  File "/usr/local/lib/python3.11/asyncio/runners.py", line 190, in run
    return runner.run(main)
           ^^^^^^^^^^^^^^^^
  File "/usr/local/lib/python3.11/asyncio/runners.py", line 118, in run
    return self._loop.run_until_complete(task)
           ^^^^^^^^^^^^^^^^^^^^^^^^^^^^^^^^^^^
  File "/usr/local/lib/python3.11/asyncio/base_events.py", line 653, in run_until_complete
    return future.result()
           ^^^^^^^^^^^^^^^
  File "/home/airflow/dags/stats_dag.py", line 70, in check
    raise Exception("‚ùå No price data found for the last 24 hours")
Exception: ‚ùå No price data found for the last 24 hours
[2025-12-14T05:04:29.460+0000] {taskinstance.py:1400} INFO - Marking task as FAILED. dag_id=stats_computation_24h, task_id=check_price_data, execution_date=20251213T000000, start_date=20251214T050429, end_date=20251214T050429
[2025-12-14T05:04:29.467+0000] {logging_mixin.py:154} WARNING - /home/airflow/.local/lib/python3.11/site-packages/airflow/utils/email.py:154 RemovedInAirflow3Warning: Fetching SMTP credentials from configuration variables will be deprecated in a future release. Please set credentials using a connection instead.
[2025-12-14T05:04:29.467+0000] {configuration.py:1050} WARNING - section/key [smtp/smtp_user] not found in config
[2025-12-14T05:04:29.467+0000] {email.py:270} INFO - Email alerting: attempt 1
[2025-12-14T05:04:29.469+0000] {configuration.py:1050} WARNING - section/key [smtp/smtp_user] not found in config
[2025-12-14T05:04:29.469+0000] {email.py:270} INFO - Email alerting: attempt 1
[2025-12-14T05:04:29.469+0000] {taskinstance.py:2007} ERROR - Failed to send email to: ['alerts@belly.local']
Traceback (most recent call last):
  File "/home/airflow/.local/lib/python3.11/site-packages/airflow/models/taskinstance.py", line 1518, in _run_raw_task
    self._execute_task_with_callbacks(context, test_mode, session=session)
  File "/home/airflow/.local/lib/python3.11/site-packages/airflow/models/taskinstance.py", line 1681, in _execute_task_with_callbacks
    result = self._execute_task(context, task_orig)
             ^^^^^^^^^^^^^^^^^^^^^^^^^^^^^^^^^^^^^^
  File "/home/airflow/.local/lib/python3.11/site-packages/airflow/models/taskinstance.py", line 1744, in _execute_task
    result = execute_callable(context=context, **execute_callable_kwargs)
             ^^^^^^^^^^^^^^^^^^^^^^^^^^^^^^^^^^^^^^^^^^^^^^^^^^^^^^^^^^^^
  File "/home/airflow/.local/lib/python3.11/site-packages/airflow/operators/python.py", line 192, in execute
    return_value = self.execute_callable()
                   ^^^^^^^^^^^^^^^^^^^^^^^
  File "/home/airflow/.local/lib/python3.11/site-packages/airflow/operators/python.py", line 209, in execute_callable
    return self.python_callable(*self.op_args, **self.op_kwargs)
           ^^^^^^^^^^^^^^^^^^^^^^^^^^^^^^^^^^^^^^^^^^^^^^^^^^^^^
  File "/home/airflow/dags/stats_dag.py", line 75, in check_price_data
    result = asyncio.run(check())
             ^^^^^^^^^^^^^^^^^^^^
  File "/usr/local/lib/python3.11/asyncio/runners.py", line 190, in run
    return runner.run(main)
           ^^^^^^^^^^^^^^^^
  File "/usr/local/lib/python3.11/asyncio/runners.py", line 118, in run
    return self._loop.run_until_complete(task)
           ^^^^^^^^^^^^^^^^^^^^^^^^^^^^^^^^^^^
  File "/usr/local/lib/python3.11/asyncio/base_events.py", line 653, in run_until_complete
    return future.result()
           ^^^^^^^^^^^^^^^
  File "/home/airflow/dags/stats_dag.py", line 70, in check
    raise Exception("‚ùå No price data found for the last 24 hours")
Exception: ‚ùå No price data found for the last 24 hours

During handling of the above exception, another exception occurred:

Traceback (most recent call last):
  File "/home/airflow/.local/lib/python3.11/site-packages/airflow/models/taskinstance.py", line 2420, in email_alert
    send_email(task.email, subject, html_content)
  File "/home/airflow/.local/lib/python3.11/site-packages/airflow/utils/email.py", line 80, in send_email
    return backend(
           ^^^^^^^^
  File "/home/airflow/.local/lib/python3.11/site-packages/airflow/utils/email.py", line 154, in send_email_smtp
    send_mime_email(e_from=mail_from, e_to=recipients, mime_msg=msg, conn_id=conn_id, dryrun=dryrun)
  File "/home/airflow/.local/lib/python3.11/site-packages/airflow/utils/email.py", line 272, in send_mime_email
    smtp_conn = _get_smtp_connection(smtp_host, smtp_port, smtp_timeout, smtp_ssl)
                ^^^^^^^^^^^^^^^^^^^^^^^^^^^^^^^^^^^^^^^^^^^^^^^^^^^^^^^^^^^^^^^^^^
  File "/home/airflow/.local/lib/python3.11/site-packages/airflow/utils/email.py", line 316, in _get_smtp_connection
    return smtplib.SMTP(host=host, port=port, timeout=timeout)
           ^^^^^^^^^^^^^^^^^^^^^^^^^^^^^^^^^^^^^^^^^^^^^^^^^^^
  File "/usr/local/lib/python3.11/smtplib.py", line 255, in __init__
    (code, msg) = self.connect(host, port)
                  ^^^^^^^^^^^^^^^^^^^^^^^^
  File "/usr/local/lib/python3.11/smtplib.py", line 341, in connect
    self.sock = self._get_socket(host, port, self.timeout)
                ^^^^^^^^^^^^^^^^^^^^^^^^^^^^^^^^^^^^^^^^^^
  File "/usr/local/lib/python3.11/smtplib.py", line 312, in _get_socket
    return socket.create_connection((host, port), timeout,
           ^^^^^^^^^^^^^^^^^^^^^^^^^^^^^^^^^^^^^^^^^^^^^^^
  File "/usr/local/lib/python3.11/socket.py", line 851, in create_connection
    raise exceptions[0]
  File "/usr/local/lib/python3.11/socket.py", line 836, in create_connection
    sock.connect(sa)
ConnectionRefusedError: [Errno 111] Connection refused

During handling of the above exception, another exception occurred:

Traceback (most recent call last):
  File "/home/airflow/.local/lib/python3.11/site-packages/airflow/models/taskinstance.py", line 2005, in handle_failure
    self.email_alert(error, task)
  File "/home/airflow/.local/lib/python3.11/site-packages/airflow/models/taskinstance.py", line 2422, in email_alert
    send_email(task.email, subject, html_content_err)
  File "/home/airflow/.local/lib/python3.11/site-packages/airflow/utils/email.py", line 80, in send_email
    return backend(
           ^^^^^^^^
  File "/home/airflow/.local/lib/python3.11/site-packages/airflow/utils/email.py", line 154, in send_email_smtp
    send_mime_email(e_from=mail_from, e_to=recipients, mime_msg=msg, conn_id=conn_id, dryrun=dryrun)
  File "/home/airflow/.local/lib/python3.11/site-packages/airflow/utils/email.py", line 272, in send_mime_email
    smtp_conn = _get_smtp_connection(smtp_host, smtp_port, smtp_timeout, smtp_ssl)
                ^^^^^^^^^^^^^^^^^^^^^^^^^^^^^^^^^^^^^^^^^^^^^^^^^^^^^^^^^^^^^^^^^^
  File "/home/airflow/.local/lib/python3.11/site-packages/airflow/utils/email.py", line 316, in _get_smtp_connection
    return smtplib.SMTP(host=host, port=port, timeout=timeout)
           ^^^^^^^^^^^^^^^^^^^^^^^^^^^^^^^^^^^^^^^^^^^^^^^^^^^
  File "/usr/local/lib/python3.11/smtplib.py", line 255, in __init__
    (code, msg) = self.connect(host, port)
                  ^^^^^^^^^^^^^^^^^^^^^^^^
  File "/usr/local/lib/python3.11/smtplib.py", line 341, in connect
    self.sock = self._get_socket(host, port, self.timeout)
                ^^^^^^^^^^^^^^^^^^^^^^^^^^^^^^^^^^^^^^^^^^
  File "/usr/local/lib/python3.11/smtplib.py", line 312, in _get_socket
    return socket.create_connection((host, port), timeout,
           ^^^^^^^^^^^^^^^^^^^^^^^^^^^^^^^^^^^^^^^^^^^^^^^
  File "/usr/local/lib/python3.11/socket.py", line 851, in create_connection
    raise exceptions[0]
  File "/usr/local/lib/python3.11/socket.py", line 836, in create_connection
    sock.connect(sa)
ConnectionRefusedError: [Errno 111] Connection refused
[2025-12-14T05:04:29.475+0000] {standard_task_runner.py:104} ERROR - Failed to execute job 11 for task check_price_data (‚ùå No price data found for the last 24 hours; 125)
[2025-12-14T05:04:29.491+0000] {local_task_job_runner.py:228} INFO - Task exited with return code 1
[2025-12-14T05:04:29.577+0000] {taskinstance.py:2778} INFO - 0 downstream tasks scheduled from follow-on schedule check
[2025-12-14T13:26:08.402+0000] {taskinstance.py:1159} INFO - Dependencies all met for dep_context=non-requeueable deps ti=<TaskInstance: stats_computation_24h.check_price_data scheduled__2025-12-13T00:00:00+00:00 [queued]>
[2025-12-14T13:26:08.409+0000] {taskinstance.py:1159} INFO - Dependencies all met for dep_context=requeueable deps ti=<TaskInstance: stats_computation_24h.check_price_data scheduled__2025-12-13T00:00:00+00:00 [queued]>
[2025-12-14T13:26:08.409+0000] {taskinstance.py:1361} INFO - Starting attempt 3 of 3
[2025-12-14T13:26:08.421+0000] {taskinstance.py:1382} INFO - Executing <Task(PythonOperator): check_price_data> on 2025-12-13 00:00:00+00:00
[2025-12-14T13:26:08.426+0000] {standard_task_runner.py:57} INFO - Started process 168 to run task
[2025-12-14T13:26:08.429+0000] {standard_task_runner.py:84} INFO - Running: ['airflow', 'tasks', 'run', 'stats_computation_24h', 'check_price_data', 'scheduled__2025-12-13T00:00:00+00:00', '--job-id', '9', '--raw', '--subdir', 'DAGS_FOLDER/stats_dag.py', '--cfg-path', '/tmp/tmpfis8dj9k']
[2025-12-14T13:26:08.430+0000] {standard_task_runner.py:85} INFO - Job 9: Subtask check_price_data
[2025-12-14T13:26:08.549+0000] {task_command.py:416} INFO - Running <TaskInstance: stats_computation_24h.check_price_data scheduled__2025-12-13T00:00:00+00:00 [running]> on host d3dadd96ebe1
[2025-12-14T13:26:08.583+0000] {taskinstance.py:1662} INFO - Exporting env vars: AIRFLOW_CTX_DAG_EMAIL='alerts@belly.local' AIRFLOW_CTX_DAG_OWNER='belly-team' AIRFLOW_CTX_DAG_ID='stats_computation_24h' AIRFLOW_CTX_TASK_ID='check_price_data' AIRFLOW_CTX_EXECUTION_DATE='2025-12-13T00:00:00+00:00' AIRFLOW_CTX_TRY_NUMBER='3' AIRFLOW_CTX_DAG_RUN_ID='scheduled__2025-12-13T00:00:00+00:00'
[2025-12-14T13:26:08.584+0000] {stats_dag.py:62} INFO - üîç Checking price data availability...
[2025-12-14T13:26:08.584+0000] {db_service.py:53} WARNING - ‚ö†Ô∏è No API key provided - requests may fail
[2025-12-14T13:26:08.595+0000] {db_service.py:98} ERROR - Ping failed: Request URL is missing an 'http://' or 'https://' protocol.
[2025-12-14T13:26:08.595+0000] {db_service.py:68} ERROR - ‚ùå Supabase connection test failed
[2025-12-14T13:26:08.595+0000] {db_service.py:171} ERROR - Error fetching price history: Request URL is missing an 'http://' or 'https://' protocol.
[2025-12-14T13:26:08.622+0000] {db_service.py:81} INFO - Supabase REST API client closed
[2025-12-14T13:26:08.623+0000] {taskinstance.py:1937} ERROR - Task failed with exception
Traceback (most recent call last):
  File "/home/airflow/.local/lib/python3.11/site-packages/airflow/operators/python.py", line 192, in execute
    return_value = self.execute_callable()
                   ^^^^^^^^^^^^^^^^^^^^^^^
  File "/home/airflow/.local/lib/python3.11/site-packages/airflow/operators/python.py", line 209, in execute_callable
    return self.python_callable(*self.op_args, **self.op_kwargs)
           ^^^^^^^^^^^^^^^^^^^^^^^^^^^^^^^^^^^^^^^^^^^^^^^^^^^^^
  File "/home/airflow/dags/stats_dag.py", line 75, in check_price_data
    result = asyncio.run(check())
             ^^^^^^^^^^^^^^^^^^^^
  File "/usr/local/lib/python3.11/asyncio/runners.py", line 190, in run
    return runner.run(main)
           ^^^^^^^^^^^^^^^^
  File "/usr/local/lib/python3.11/asyncio/runners.py", line 118, in run
    return self._loop.run_until_complete(task)
           ^^^^^^^^^^^^^^^^^^^^^^^^^^^^^^^^^^^
  File "/usr/local/lib/python3.11/asyncio/base_events.py", line 653, in run_until_complete
    return future.result()
           ^^^^^^^^^^^^^^^
  File "/home/airflow/dags/stats_dag.py", line 70, in check
    raise Exception("‚ùå No price data found for the last 24 hours")
Exception: ‚ùå No price data found for the last 24 hours
[2025-12-14T13:26:08.627+0000] {taskinstance.py:1400} INFO - Marking task as FAILED. dag_id=stats_computation_24h, task_id=check_price_data, execution_date=20251213T000000, start_date=20251214T132608, end_date=20251214T132608
[2025-12-14T13:26:08.638+0000] {logging_mixin.py:154} WARNING - /home/airflow/.local/lib/python3.11/site-packages/airflow/utils/email.py:154 RemovedInAirflow3Warning: Fetching SMTP credentials from configuration variables will be deprecated in a future release. Please set credentials using a connection instead.
[2025-12-14T13:26:08.638+0000] {configuration.py:1050} WARNING - section/key [smtp/smtp_user] not found in config
[2025-12-14T13:26:08.638+0000] {email.py:270} INFO - Email alerting: attempt 1
[2025-12-14T13:26:08.640+0000] {configuration.py:1050} WARNING - section/key [smtp/smtp_user] not found in config
[2025-12-14T13:26:08.641+0000] {email.py:270} INFO - Email alerting: attempt 1
[2025-12-14T13:26:08.641+0000] {taskinstance.py:2007} ERROR - Failed to send email to: ['alerts@belly.local']
Traceback (most recent call last):
  File "/home/airflow/.local/lib/python3.11/site-packages/airflow/models/taskinstance.py", line 1518, in _run_raw_task
    self._execute_task_with_callbacks(context, test_mode, session=session)
  File "/home/airflow/.local/lib/python3.11/site-packages/airflow/models/taskinstance.py", line 1681, in _execute_task_with_callbacks
    result = self._execute_task(context, task_orig)
             ^^^^^^^^^^^^^^^^^^^^^^^^^^^^^^^^^^^^^^
  File "/home/airflow/.local/lib/python3.11/site-packages/airflow/models/taskinstance.py", line 1744, in _execute_task
    result = execute_callable(context=context, **execute_callable_kwargs)
             ^^^^^^^^^^^^^^^^^^^^^^^^^^^^^^^^^^^^^^^^^^^^^^^^^^^^^^^^^^^^
  File "/home/airflow/.local/lib/python3.11/site-packages/airflow/operators/python.py", line 192, in execute
    return_value = self.execute_callable()
                   ^^^^^^^^^^^^^^^^^^^^^^^
  File "/home/airflow/.local/lib/python3.11/site-packages/airflow/operators/python.py", line 209, in execute_callable
    return self.python_callable(*self.op_args, **self.op_kwargs)
           ^^^^^^^^^^^^^^^^^^^^^^^^^^^^^^^^^^^^^^^^^^^^^^^^^^^^^
  File "/home/airflow/dags/stats_dag.py", line 75, in check_price_data
    result = asyncio.run(check())
             ^^^^^^^^^^^^^^^^^^^^
  File "/usr/local/lib/python3.11/asyncio/runners.py", line 190, in run
    return runner.run(main)
           ^^^^^^^^^^^^^^^^
  File "/usr/local/lib/python3.11/asyncio/runners.py", line 118, in run
    return self._loop.run_until_complete(task)
           ^^^^^^^^^^^^^^^^^^^^^^^^^^^^^^^^^^^
  File "/usr/local/lib/python3.11/asyncio/base_events.py", line 653, in run_until_complete
    return future.result()
           ^^^^^^^^^^^^^^^
  File "/home/airflow/dags/stats_dag.py", line 70, in check
    raise Exception("‚ùå No price data found for the last 24 hours")
Exception: ‚ùå No price data found for the last 24 hours

During handling of the above exception, another exception occurred:

Traceback (most recent call last):
  File "/home/airflow/.local/lib/python3.11/site-packages/airflow/models/taskinstance.py", line 2420, in email_alert
    send_email(task.email, subject, html_content)
  File "/home/airflow/.local/lib/python3.11/site-packages/airflow/utils/email.py", line 80, in send_email
    return backend(
           ^^^^^^^^
  File "/home/airflow/.local/lib/python3.11/site-packages/airflow/utils/email.py", line 154, in send_email_smtp
    send_mime_email(e_from=mail_from, e_to=recipients, mime_msg=msg, conn_id=conn_id, dryrun=dryrun)
  File "/home/airflow/.local/lib/python3.11/site-packages/airflow/utils/email.py", line 272, in send_mime_email
    smtp_conn = _get_smtp_connection(smtp_host, smtp_port, smtp_timeout, smtp_ssl)
                ^^^^^^^^^^^^^^^^^^^^^^^^^^^^^^^^^^^^^^^^^^^^^^^^^^^^^^^^^^^^^^^^^^
  File "/home/airflow/.local/lib/python3.11/site-packages/airflow/utils/email.py", line 316, in _get_smtp_connection
    return smtplib.SMTP(host=host, port=port, timeout=timeout)
           ^^^^^^^^^^^^^^^^^^^^^^^^^^^^^^^^^^^^^^^^^^^^^^^^^^^
  File "/usr/local/lib/python3.11/smtplib.py", line 255, in __init__
    (code, msg) = self.connect(host, port)
                  ^^^^^^^^^^^^^^^^^^^^^^^^
  File "/usr/local/lib/python3.11/smtplib.py", line 341, in connect
    self.sock = self._get_socket(host, port, self.timeout)
                ^^^^^^^^^^^^^^^^^^^^^^^^^^^^^^^^^^^^^^^^^^
  File "/usr/local/lib/python3.11/smtplib.py", line 312, in _get_socket
    return socket.create_connection((host, port), timeout,
           ^^^^^^^^^^^^^^^^^^^^^^^^^^^^^^^^^^^^^^^^^^^^^^^
  File "/usr/local/lib/python3.11/socket.py", line 851, in create_connection
    raise exceptions[0]
  File "/usr/local/lib/python3.11/socket.py", line 836, in create_connection
    sock.connect(sa)
ConnectionRefusedError: [Errno 111] Connection refused

During handling of the above exception, another exception occurred:

Traceback (most recent call last):
  File "/home/airflow/.local/lib/python3.11/site-packages/airflow/models/taskinstance.py", line 2005, in handle_failure
    self.email_alert(error, task)
  File "/home/airflow/.local/lib/python3.11/site-packages/airflow/models/taskinstance.py", line 2422, in email_alert
    send_email(task.email, subject, html_content_err)
  File "/home/airflow/.local/lib/python3.11/site-packages/airflow/utils/email.py", line 80, in send_email
    return backend(
           ^^^^^^^^
  File "/home/airflow/.local/lib/python3.11/site-packages/airflow/utils/email.py", line 154, in send_email_smtp
    send_mime_email(e_from=mail_from, e_to=recipients, mime_msg=msg, conn_id=conn_id, dryrun=dryrun)
  File "/home/airflow/.local/lib/python3.11/site-packages/airflow/utils/email.py", line 272, in send_mime_email
    smtp_conn = _get_smtp_connection(smtp_host, smtp_port, smtp_timeout, smtp_ssl)
                ^^^^^^^^^^^^^^^^^^^^^^^^^^^^^^^^^^^^^^^^^^^^^^^^^^^^^^^^^^^^^^^^^^
  File "/home/airflow/.local/lib/python3.11/site-packages/airflow/utils/email.py", line 316, in _get_smtp_connection
    return smtplib.SMTP(host=host, port=port, timeout=timeout)
           ^^^^^^^^^^^^^^^^^^^^^^^^^^^^^^^^^^^^^^^^^^^^^^^^^^^
  File "/usr/local/lib/python3.11/smtplib.py", line 255, in __init__
    (code, msg) = self.connect(host, port)
                  ^^^^^^^^^^^^^^^^^^^^^^^^
  File "/usr/local/lib/python3.11/smtplib.py", line 341, in connect
    self.sock = self._get_socket(host, port, self.timeout)
                ^^^^^^^^^^^^^^^^^^^^^^^^^^^^^^^^^^^^^^^^^^
  File "/usr/local/lib/python3.11/smtplib.py", line 312, in _get_socket
    return socket.create_connection((host, port), timeout,
           ^^^^^^^^^^^^^^^^^^^^^^^^^^^^^^^^^^^^^^^^^^^^^^^
  File "/usr/local/lib/python3.11/socket.py", line 851, in create_connection
    raise exceptions[0]
  File "/usr/local/lib/python3.11/socket.py", line 836, in create_connection
    sock.connect(sa)
ConnectionRefusedError: [Errno 111] Connection refused
[2025-12-14T13:26:08.651+0000] {standard_task_runner.py:104} ERROR - Failed to execute job 9 for task check_price_data (‚ùå No price data found for the last 24 hours; 168)
[2025-12-14T13:26:08.680+0000] {local_task_job_runner.py:228} INFO - Task exited with return code 1
[2025-12-14T13:26:08.770+0000] {taskinstance.py:2778} INFO - 0 downstream tasks scheduled from follow-on schedule check
